==> Too many AIGs have been generated! Maximum number of AIGs is 4
