==> No under-approximation width has been specified for dumping!
    Please use "-ua-width <width>" or disable under-approximation with "-no-ua"!
