==> Too many CNF clauses have been generated! Maximum number of CNF clauses is 2
