==> Too many variables! Maximum number of variables is 3
