==> 1:2: Invalid newline
    '=' expected
==> Unexpected end of input
    '=' expected
